{
  "version": "0.13.1+ibm.62.dss",
  "plugins_used": [
    { "name": "AWSKeyDetector", "version": "0.13.1+ibm.62.dss" },
    { "name": "Base64HighEntropyString", "version": "0.13.1+ibm.62.dss" },
    { "name": "HexHighEntropyString", "version": "0.13.1+ibm.62.dss" },
    { "name": "KeywordDetector", "version": "0.13.1+ibm.62.dss" }
  ],
  "filters_used": [],
  "results": {}
}