
{
  "version": "0.13.1+ibm.64.dss",
  "plugins_used": [
    {
      "name": "AWSKeyDetector",
      "version": "0.13.1+ibm.64.dss"
    },
    {
      "name": "Base64HighEntropyString",
      "version": "0.13.1+ibm.64.dss"
    },
    {
      "name": "HexHighEntropyString",
      "version": "0.13.1+ibm.64.dss"
    },
    {
      "name": "KeywordDetector",
      "version": "0.13.1+ibm.64.dss"
    }
  ],
  "filters_used": [],
  "results": {}
}
